#-----------------------------------------------------------
# Vivado v2025.1 (64-bit)
# SW Build 6140274 on Thu May 22 00:12:29 MDT 2025
# IP Build 6138677 on Thu May 22 03:10:11 MDT 2025
# SharedData Build 6139179 on Tue May 20 17:58:58 MDT 2025
# Start of session at: Tue Nov 25 14:38:47 2025
# Process ID         : 16240
# Current directory  : C:/Users/Juan/Desktop/RiscV-32-proccesor
# Command line       : vivado.exe -gui_launcher_event rodinguilauncherevent10068 C:\Users\Juan\Desktop\RiscV-32-proccesor\pipeline_proccesor.xpr
# Log file           : C:/Users/Juan/Desktop/RiscV-32-proccesor/vivado.log
# Journal file       : C:/Users/Juan/Desktop/RiscV-32-proccesor\vivado.jou
# Running On         : DESKTOP-0DKD4I4
# Platform           : Windows Server 2016 or Windows 10
# Operating System   : 26200
# Processor Detail   : 13th Gen Intel(R) Core(TM) i7-13650HX
# CPU Frequency      : 2803 MHz
# CPU Physical cores : 14
# CPU Logical cores  : 20
# Host memory        : 16873 MB
# Swap memory        : 14495 MB
# Total Virtual      : 31369 MB
# Available Virtual  : 13420 MB
#-----------------------------------------------------------
start_gui
open_project C:/Users/Juan/Desktop/RiscV-32-proccesor/pipeline_proccesor.xpr
update_compile_order -fileset sources_1
close [ open C:/Users/Juan/Desktop/RiscV-32-proccesor/pipeline_proccesor.srcs/sources_1/new/alu_fp.v w ]
add_files C:/Users/Juan/Desktop/RiscV-32-proccesor/pipeline_proccesor.srcs/sources_1/new/alu_fp.v
update_compile_order -fileset sources_1
add_files -norecurse {C:/Users/Juan/Desktop/ARQUI-FINAL/project_6.srcs/sources_1/new/fp_div.v C:/Users/Juan/Desktop/ARQUI-FINAL/project_6.srcs/sources_1/new/fp_addsubb.v C:/Users/Juan/Desktop/ARQUI-FINAL/project_6.srcs/sources_1/new/fp_mul.v}
update_compile_order -fileset sources_1
launch_simulation
update_compile_order -fileset sources_1
launch_simulation
open_wave_config C:/Users/Juan/Desktop/RiscV-32-proccesor/cpu_tb_configuracion1.wcfg
source cpu_tb.tcl
close_sim
launch_simulation
update_compile_order -fileset sources_1
launch_simulation
launch_simulation
launch_simulation
update_compile_order -fileset sources_1
launch_simulation
open_wave_config C:/Users/Juan/Desktop/RiscV-32-proccesor/cpu_tb_configuracion1.wcfg
source cpu_tb.tcl
current_wave_config {cpu_tb_configuracion1.wcfg}
add_wave {{/cpu_tb/DUT/ex_u/fp_u/result}} 
save_wave_config {C:/Users/Juan/Desktop/RiscV-32-proccesor/cpu_tb_configuracion1.wcfg}
close_sim
launch_simulation
launch_simulation
open_wave_config C:/Users/Juan/Desktop/RiscV-32-proccesor/cpu_tb_configuracion1.wcfg
source cpu_tb.tcl
current_wave_config {cpu_tb_configuracion1.wcfg}
add_wave {{/cpu_tb/DUT/ex_u/fp_u/op_a}} 
current_wave_config {cpu_tb_configuracion1.wcfg}
add_wave {{/cpu_tb/DUT/ex_u/fp_u/op_b}} 
save_wave_config {C:/Users/Juan/Desktop/RiscV-32-proccesor/cpu_tb_configuracion1.wcfg}
close_sim
launch_simulation
open_wave_config C:/Users/Juan/Desktop/RiscV-32-proccesor/cpu_tb_configuracion1.wcfg
source cpu_tb.tcl
save_wave_config {C:/Users/Juan/Desktop/RiscV-32-proccesor/cpu_tb_configuracion1.wcfg}
close_sim
launch_simulation
open_wave_config C:/Users/Juan/Desktop/RiscV-32-proccesor/cpu_tb_configuracion1.wcfg
source cpu_tb.tcl
close_sim
launch_simulation
open_wave_config C:/Users/Juan/Desktop/RiscV-32-proccesor/cpu_tb_configuracion1.wcfg
source cpu_tb.tcl
close_sim
launch_simulation
open_wave_config C:/Users/Juan/Desktop/RiscV-32-proccesor/cpu_tb_configuracion1.wcfg
source cpu_tb.tcl
current_wave_config {cpu_tb_configuracion1.wcfg}
add_wave {{/cpu_tb/DUT/dmem_u/we}} 
current_wave_config {cpu_tb_configuracion1.wcfg}
add_wave {{/cpu_tb/DUT/dmem_u/a}} 
save_wave_config {C:/Users/Juan/Desktop/RiscV-32-proccesor/cpu_tb_configuracion1.wcfg}
close_sim
launch_simulation
open_wave_config C:/Users/Juan/Desktop/RiscV-32-proccesor/cpu_tb_configuracion1.wcfg
source cpu_tb.tcl
current_wave_config {cpu_tb_configuracion1.wcfg}
add_wave {{/cpu_tb/DUT/dmem_u/wd}} 
save_wave_config {C:/Users/Juan/Desktop/RiscV-32-proccesor/cpu_tb_configuracion1.wcfg}
close_sim
launch_simulation
open_wave_config C:/Users/Juan/Desktop/RiscV-32-proccesor/cpu_tb_configuracion1.wcfg
source cpu_tb.tcl
save_wave_config {C:/Users/Juan/Desktop/RiscV-32-proccesor/cpu_tb_configuracion1.wcfg}
close_sim
launch_simulation
open_wave_config C:/Users/Juan/Desktop/RiscV-32-proccesor/cpu_tb_configuracion1.wcfg
source cpu_tb.tcl
close_sim
launch_simulation
open_wave_config C:/Users/Juan/Desktop/RiscV-32-proccesor/cpu_tb_configuracion1.wcfg
source cpu_tb.tcl
close_sim
launch_simulation
open_wave_config C:/Users/Juan/Desktop/RiscV-32-proccesor/cpu_tb_configuracion1.wcfg
source cpu_tb.tcl
current_wave_config {cpu_tb_configuracion1.wcfg}
add_wave {{/cpu_tb/DUT/dmem_u}} 
save_wave_config {C:/Users/Juan/Desktop/RiscV-32-proccesor/cpu_tb_configuracion1.wcfg}
close_sim
launch_simulation
launch_simulation
open_wave_config C:/Users/Juan/Desktop/RiscV-32-proccesor/cpu_tb_configuracion1.wcfg
source cpu_tb.tcl
save_wave_config {C:/Users/Juan/Desktop/RiscV-32-proccesor/cpu_tb_configuracion1.wcfg}
close_sim
launch_simulation
open_wave_config C:/Users/Juan/Desktop/RiscV-32-proccesor/cpu_tb_configuracion1.wcfg
source cpu_tb.tcl
close_sim
launch_simulation
open_wave_config C:/Users/Juan/Desktop/RiscV-32-proccesor/cpu_tb_configuracion1.wcfg
source cpu_tb.tcl
close_sim
launch_simulation
open_wave_config C:/Users/Juan/Desktop/RiscV-32-proccesor/cpu_tb_configuracion1.wcfg
source cpu_tb.tcl
close_sim
launch_simulation
open_wave_config C:/Users/Juan/Desktop/RiscV-32-proccesor/cpu_tb_configuracion1.wcfg
source cpu_tb.tcl
update_compile_order -fileset sources_1
save_wave_config {C:/Users/Juan/Desktop/RiscV-32-proccesor/cpu_tb_configuracion1.wcfg}
close_sim
launch_simulation
open_wave_config C:/Users/Juan/Desktop/RiscV-32-proccesor/cpu_tb_configuracion1.wcfg
source cpu_tb.tcl
update_compile_order -fileset sources_1
close_sim
launch_simulation
open_wave_config C:/Users/Juan/Desktop/RiscV-32-proccesor/cpu_tb_configuracion1.wcfg
source cpu_tb.tcl
save_wave_config {C:/Users/Juan/Desktop/RiscV-32-proccesor/cpu_tb_configuracion1.wcfg}
close_sim
launch_simulation
launch_simulation
close [ open C:/Users/Juan/Desktop/RiscV-32-proccesor/pipeline_proccesor.srcs/sources_1/new/fp_forwarding_unit.v w ]
add_files C:/Users/Juan/Desktop/RiscV-32-proccesor/pipeline_proccesor.srcs/sources_1/new/fp_forwarding_unit.v
update_compile_order -fileset sources_1
launch_simulation
update_compile_order -fileset sources_1
launch_simulation
open_wave_config C:/Users/Juan/Desktop/RiscV-32-proccesor/cpu_tb_configuracion1.wcfg
source cpu_tb.tcl
export_ip_user_files -of_objects  [get_files C:/Users/Juan/Desktop/RiscV-32-proccesor/pipeline_proccesor.srcs/sources_1/new/fpu_add.v] -no_script -reset -force -quiet
remove_files  C:/Users/Juan/Desktop/RiscV-32-proccesor/pipeline_proccesor.srcs/sources_1/new/fpu_add.v
export_ip_user_files -of_objects  [get_files C:/Users/Juan/Desktop/RiscV-32-proccesor/pipeline_proccesor.srcs/sources_1/new/lsu.v] -no_script -reset -force -quiet
remove_files  C:/Users/Juan/Desktop/RiscV-32-proccesor/pipeline_proccesor.srcs/sources_1/new/lsu.v
export_ip_user_files -of_objects  [get_files C:/Users/Juan/Desktop/RiscV-32-proccesor/pipeline_proccesor.srcs/sources_1/new/fpu_div.v] -no_script -reset -force -quiet
remove_files  C:/Users/Juan/Desktop/RiscV-32-proccesor/pipeline_proccesor.srcs/sources_1/new/fpu_div.v
export_ip_user_files -of_objects  [get_files C:/Users/Juan/Desktop/RiscV-32-proccesor/pipeline_proccesor.srcs/sources_1/new/fpu_mul.v] -no_script -reset -force -quiet
remove_files  C:/Users/Juan/Desktop/RiscV-32-proccesor/pipeline_proccesor.srcs/sources_1/new/fpu_mul.v
export_ip_user_files -of_objects  [get_files C:/Users/Juan/Desktop/RiscV-32-proccesor/pipeline_proccesor.srcs/sources_1/new/mem_top.v] -no_script -reset -force -quiet
remove_files  C:/Users/Juan/Desktop/RiscV-32-proccesor/pipeline_proccesor.srcs/sources_1/new/mem_top.v
export_ip_user_files -of_objects  [get_files C:/Users/Juan/Desktop/RiscV-32-proccesor/pipeline_proccesor.srcs/sources_1/new/core_pipeline.v] -no_script -reset -force -quiet
remove_files  C:/Users/Juan/Desktop/RiscV-32-proccesor/pipeline_proccesor.srcs/sources_1/new/core_pipeline.v
close_sim
launch_simulation
open_wave_config C:/Users/Juan/Desktop/RiscV-32-proccesor/cpu_tb_configuracion1.wcfg
source cpu_tb.tcl
current_wave_config {cpu_tb_configuracion1.wcfg}
add_wave {{/cpu_tb/DUT/ex_u/fp_u/op_a}} 
current_wave_config {cpu_tb_configuracion1.wcfg}
add_wave {{/cpu_tb/DUT/ex_u/fp_u/op_b}} 
current_wave_config {cpu_tb_configuracion1.wcfg}
add_wave {{/cpu_tb/DUT/ex_u/fp_u/result}} 
save_wave_config {C:/Users/Juan/Desktop/RiscV-32-proccesor/cpu_tb_configuracion1.wcfg}
close_sim
launch_simulation
launch_simulation
open_wave_config C:/Users/Juan/Desktop/RiscV-32-proccesor/cpu_tb_configuracion1.wcfg
source cpu_tb.tcl
save_wave_config {C:/Users/Juan/Desktop/RiscV-32-proccesor/cpu_tb_configuracion1.wcfg}
close_sim
launch_simulation
open_wave_config C:/Users/Juan/Desktop/RiscV-32-proccesor/cpu_tb_configuracion1.wcfg
source cpu_tb.tcl
close_sim
launch_simulation
launch_simulation
open_wave_config C:/Users/Juan/Desktop/RiscV-32-proccesor/cpu_tb_configuracion1.wcfg
source cpu_tb.tcl
close_sim
launch_simulation
open_wave_config C:/Users/Juan/Desktop/RiscV-32-proccesor/cpu_tb_configuracion1.wcfg
source cpu_tb.tcl
close_sim
launch_simulation
open_wave_config C:/Users/Juan/Desktop/RiscV-32-proccesor/cpu_tb_configuracion1.wcfg
source cpu_tb.tcl
close_sim
launch_simulation
open_wave_config C:/Users/Juan/Desktop/RiscV-32-proccesor/cpu_tb_configuracion1.wcfg
source cpu_tb.tcl
close_sim
launch_simulation
open_wave_config C:/Users/Juan/Desktop/RiscV-32-proccesor/cpu_tb_configuracion1.wcfg
source cpu_tb.tcl
close_sim
launch_simulation
open_wave_config C:/Users/Juan/Desktop/RiscV-32-proccesor/cpu_tb_configuracion1.wcfg
source cpu_tb.tcl
close_sim
launch_simulation
open_wave_config C:/Users/Juan/Desktop/RiscV-32-proccesor/cpu_tb_configuracion1.wcfg
source cpu_tb.tcl
close_sim
launch_simulation
open_wave_config C:/Users/Juan/Desktop/RiscV-32-proccesor/cpu_tb_configuracion1.wcfg
source cpu_tb.tcl
close_sim
launch_simulation
open_wave_config C:/Users/Juan/Desktop/RiscV-32-proccesor/cpu_tb_configuracion1.wcfg
source cpu_tb.tcl
close_sim
launch_simulation
open_wave_config C:/Users/Juan/Desktop/RiscV-32-proccesor/cpu_tb_configuracion1.wcfg
source cpu_tb.tcl
close_sim
launch_simulation
open_wave_config C:/Users/Juan/Desktop/RiscV-32-proccesor/cpu_tb_configuracion1.wcfg
source cpu_tb.tcl
close_sim
launch_simulation
open_wave_config C:/Users/Juan/Desktop/RiscV-32-proccesor/cpu_tb_configuracion1.wcfg
source cpu_tb.tcl
close_sim
launch_simulation
open_wave_config C:/Users/Juan/Desktop/RiscV-32-proccesor/cpu_tb_configuracion1.wcfg
source cpu_tb.tcl
close_sim
launch_simulation
open_wave_config C:/Users/Juan/Desktop/RiscV-32-proccesor/cpu_tb_configuracion1.wcfg
source cpu_tb.tcl
save_wave_config {C:/Users/Juan/Desktop/RiscV-32-proccesor/cpu_tb_configuracion1.wcfg}
close_sim
launch_simulation
open_wave_config C:/Users/Juan/Desktop/RiscV-32-proccesor/cpu_tb_configuracion1.wcfg
source cpu_tb.tcl
close_sim
launch_simulation
open_wave_config C:/Users/Juan/Desktop/RiscV-32-proccesor/cpu_tb_configuracion1.wcfg
source cpu_tb.tcl
close_sim
launch_simulation
open_wave_config C:/Users/Juan/Desktop/RiscV-32-proccesor/cpu_tb_configuracion1.wcfg
source cpu_tb.tcl
close_sim
launch_simulation
open_wave_config C:/Users/Juan/Desktop/RiscV-32-proccesor/cpu_tb_configuracion1.wcfg
source cpu_tb.tcl
close_sim
launch_simulation
open_wave_config C:/Users/Juan/Desktop/RiscV-32-proccesor/cpu_tb_configuracion1.wcfg
source cpu_tb.tcl
export_ip_user_files -of_objects  [get_files C:/Users/Juan/Desktop/RiscV-32-proccesor/pipeline_proccesor.srcs/sources_1/new/decoder.v] -no_script -reset -force -quiet
remove_files  C:/Users/Juan/Desktop/RiscV-32-proccesor/pipeline_proccesor.srcs/sources_1/new/decoder.v
export_ip_user_files -of_objects  [get_files C:/Users/Juan/Desktop/RiscV-32-proccesor/pipeline_proccesor.srcs/sources_1/new/simd_accel.v] -no_script -reset -force -quiet
remove_files  C:/Users/Juan/Desktop/RiscV-32-proccesor/pipeline_proccesor.srcs/sources_1/new/simd_accel.v
export_ip_user_files -of_objects  [get_files C:/Users/Juan/Desktop/RiscV-32-proccesor/pipeline_proccesor.srcs/sources_1/new/simd_buf.v] -no_script -reset -force -quiet
remove_files  C:/Users/Juan/Desktop/RiscV-32-proccesor/pipeline_proccesor.srcs/sources_1/new/simd_buf.v
export_ip_user_files -of_objects  [get_files C:/Users/Juan/Desktop/RiscV-32-proccesor/pipeline_proccesor.srcs/sources_1/new/simd_ctrl.v] -no_script -reset -force -quiet
remove_files  C:/Users/Juan/Desktop/RiscV-32-proccesor/pipeline_proccesor.srcs/sources_1/new/simd_ctrl.v
export_ip_user_files -of_objects  [get_files C:/Users/Juan/Desktop/RiscV-32-proccesor/pipeline_proccesor.srcs/sources_1/new/simd_dma.v] -no_script -reset -force -quiet
remove_files  C:/Users/Juan/Desktop/RiscV-32-proccesor/pipeline_proccesor.srcs/sources_1/new/simd_dma.v
export_ip_user_files -of_objects  [get_files C:/Users/Juan/Desktop/RiscV-32-proccesor/pipeline_proccesor.srcs/sources_1/new/simd_lanes.v] -no_script -reset -force -quiet
remove_files  C:/Users/Juan/Desktop/RiscV-32-proccesor/pipeline_proccesor.srcs/sources_1/new/simd_lanes.v
export_ip_user_files -of_objects  [get_files C:/Users/Juan/Desktop/RiscV-32-proccesor/pipeline_proccesor.srcs/sources_1/new/matmul_params.vh] -no_script -reset -force -quiet
remove_files  C:/Users/Juan/Desktop/RiscV-32-proccesor/pipeline_proccesor.srcs/sources_1/new/matmul_params.vh
export_ip_user_files -of_objects  [get_files C:/Users/Juan/Desktop/RiscV-32-proccesor/pipeline_proccesor.srcs/sources_1/new/muldiv_int.v] -no_script -reset -force -quiet
remove_files  C:/Users/Juan/Desktop/RiscV-32-proccesor/pipeline_proccesor.srcs/sources_1/new/muldiv_int.v
export_ip_user_files -of_objects  [get_files C:/Users/Juan/Desktop/RiscV-32-proccesor/pipeline_proccesor.srcs/sources_1/new/matmul_iface.v] -no_script -reset -force -quiet
remove_files  C:/Users/Juan/Desktop/RiscV-32-proccesor/pipeline_proccesor.srcs/sources_1/new/matmul_iface.v
export_ip_user_files -of_objects  [get_files C:/Users/Juan/Desktop/RiscV-32-proccesor/pipeline_proccesor.srcs/sources_1/new/csr_unit.v] -no_script -reset -force -quiet
remove_files  C:/Users/Juan/Desktop/RiscV-32-proccesor/pipeline_proccesor.srcs/sources_1/new/csr_unit.v
close_sim
launch_simulation
launch_simulation
open_wave_config C:/Users/Juan/Desktop/RiscV-32-proccesor/cpu_tb_configuracion1.wcfg
source cpu_tb.tcl
export_ip_user_files -of_objects  [get_files C:/Users/Juan/Desktop/RiscV-32-proccesor/cpu_tb_configuracion1.wcfg] -no_script -reset -force -quiet
remove_files  -fileset sim_1 C:/Users/Juan/Desktop/RiscV-32-proccesor/cpu_tb_configuracion1.wcfg
close_sim
launch_simulation
source cpu_tb.tcl
current_wave_config {Untitled 1}
add_wave {{/cpu_tb/DUT/InstrF}} 
current_wave_config {Untitled 1}
add_wave {{/cpu_tb/DUT/PCPlus4F}} 
current_wave_config {Untitled 1}
add_wave {{/cpu_tb/DUT/StallF}} 
current_wave_config {Untitled 1}
add_wave {{/cpu_tb/DUT/StallD}} 
current_wave_config {Untitled 1}
add_wave {{/cpu_tb/DUT/FlushD}} 
current_wave_config {Untitled 1}
add_wave {{/cpu_tb/DUT/FlushE}} 
current_wave_config {Untitled 1}
add_wave {{/cpu_tb/DUT/PCSrcE}} 
current_wave_config {Untitled 1}
add_wave {{/cpu_tb/DUT/PCTargetE}} 
current_wave_config {Untitled 1}
add_wave {{/cpu_tb/DUT/wb_u/ResultW}} 
save_wave_config {C:/Users/Juan/Desktop/RiscV-32-proccesor/waveform.wcfg}
add_files -fileset sim_1 -norecurse C:/Users/Juan/Desktop/RiscV-32-proccesor/waveform.wcfg
set_property xsim.view {C:/Users/Juan/Desktop/RiscV-32-proccesor/cpu_tb_behav.wcfg C:/Users/Juan/Desktop/RiscV-32-proccesor/cpu_tb_behav1.wcfg C:/Users/Juan/Desktop/RiscV-32-proccesor/cpu_tb_behav2.wcfg C:/Users/Juan/Desktop/RiscV-32-proccesor/cpu_tb_configuracion1.wcfg C:/Users/Juan/Desktop/RiscV-32-proccesor/waveform.wcfg} [get_filesets sim_1]
close_sim
launch_simulation
launch_simulation
launch_simulation
launch_simulation
open_wave_config C:/Users/Juan/Desktop/RiscV-32-proccesor/waveform.wcfg
source cpu_tb.tcl
current_wave_config {waveform.wcfg}
add_wave {{/cpu_tb/DUT/wb_u/FPResultW}} 
current_wave_config {waveform.wcfg}
add_wave {{/cpu_tb/DUT/ex_u}} 
close_sim
launch_simulation
open_wave_config C:/Users/Juan/Desktop/RiscV-32-proccesor/waveform.wcfg
source cpu_tb.tcl
current_wave_config {waveform.wcfg}
add_wave {{/cpu_tb/DUT/ex_u/srcA}} 
current_wave_config {waveform.wcfg}
add_wave {{/cpu_tb/DUT/ex_u/srcB_alu}} 
current_wave_config {waveform.wcfg}
add_wave {{/cpu_tb/DUT/ex_u/fp_srcA}} 
current_wave_config {waveform.wcfg}
add_wave {{/cpu_tb/DUT/ex_u/fp_srcB}} 
current_wave_config {waveform.wcfg}
add_wave {{/cpu_tb/DUT/wb_u/FPResultW}} 
current_wave_config {waveform.wcfg}
add_wave {{/cpu_tb/DUT/wb_u/ReadDataW}} 
current_wave_config {waveform.wcfg}
add_wave {{/cpu_tb/DUT/mem_wb_reg/RegWriteW}} 
current_wave_config {waveform.wcfg}
add_wave {{/cpu_tb/DUT/mem_wb_reg/FPRegWriteW}} 
current_wave_config {waveform.wcfg}
add_wave {{/cpu_tb/DUT/mem_wb_reg/RdW}} 
current_wave_config {waveform.wcfg}
add_wave {{/cpu_tb/DUT/mem_wb_reg/FRdW}} 
current_wave_config {waveform.wcfg}
add_wave {{/cpu_tb/DUT/ex_u/fwd_int_u/ForwardAE}} 
current_wave_config {waveform.wcfg}
add_wave {{/cpu_tb/DUT/ex_u/fwd_int_u/ForwardBE}} 
current_wave_config {waveform.wcfg}
add_wave {{/cpu_tb/DUT/ex_u/fwd_fp_u/FPForwardAE}} 
current_wave_config {waveform.wcfg}
add_wave {{/cpu_tb/DUT/ex_u/fwd_fp_u/FPForwardBE}} 
save_wave_config {C:/Users/Juan/Desktop/RiscV-32-proccesor/waveform.wcfg}
close_sim
launch_simulation
open_wave_config C:/Users/Juan/Desktop/RiscV-32-proccesor/waveform.wcfg
source cpu_tb.tcl
save_wave_config {C:/Users/Juan/Desktop/RiscV-32-proccesor/waveform.wcfg}
save_wave_config {C:/Users/Juan/Desktop/RiscV-32-proccesor/waveform.wcfg}
save_wave_config {C:/Users/Juan/Desktop/RiscV-32-proccesor/waveform.wcfg}
save_wave_config {C:/Users/Juan/Desktop/RiscV-32-proccesor/waveform.wcfg}
close_sim
launch_simulation
open_wave_config C:/Users/Juan/Desktop/RiscV-32-proccesor/waveform.wcfg
source cpu_tb.tcl
close_sim
launch_simulation
launch_simulation
open_wave_config C:/Users/Juan/Desktop/RiscV-32-proccesor/waveform.wcfg
source cpu_tb.tcl
add_files -norecurse C:/Users/Juan/Desktop/RiscV-32-proccesor/pipeline_proccesor.srcs/sources_1/new/decoder.v
update_compile_order -fileset sources_1
save_wave_config {C:/Users/Juan/Desktop/RiscV-32-proccesor/waveform.wcfg}
close_sim
launch_simulation
update_compile_order -fileset sources_1
launch_simulation
open_wave_config C:/Users/Juan/Desktop/RiscV-32-proccesor/waveform.wcfg
source cpu_tb.tcl
close_sim
launch_simulation
open_wave_config C:/Users/Juan/Desktop/RiscV-32-proccesor/waveform.wcfg
source cpu_tb.tcl
save_wave_config {C:/Users/Juan/Desktop/RiscV-32-proccesor/waveform.wcfg}
close_sim
launch_simulation
open_wave_config C:/Users/Juan/Desktop/RiscV-32-proccesor/waveform.wcfg
source cpu_tb.tcl
close_sim
launch_simulation
launch_simulation
open_wave_config C:/Users/Juan/Desktop/RiscV-32-proccesor/waveform.wcfg
source cpu_tb.tcl
close_sim
launch_simulation
launch_simulation
open_wave_config C:/Users/Juan/Desktop/RiscV-32-proccesor/waveform.wcfg
source cpu_tb.tcl
current_wave_config {waveform.wcfg}
add_wave {{/cpu_tb/DUT/ex_mem_reg/MemWriteM}} 
save_wave_config {C:/Users/Juan/Desktop/RiscV-32-proccesor/waveform.wcfg}
close_sim
launch_simulation
open_wave_config C:/Users/Juan/Desktop/RiscV-32-proccesor/waveform.wcfg
source cpu_tb.tcl
current_wave_config {waveform.wcfg}
add_wave {{/cpu_tb/DUT/dmem_u/mem}} 
save_wave_config {C:/Users/Juan/Desktop/RiscV-32-proccesor/waveform.wcfg}
close_sim
launch_simulation
open_wave_config C:/Users/Juan/Desktop/RiscV-32-proccesor/waveform.wcfg
source cpu_tb.tcl
close_sim
launch_simulation
open_wave_config C:/Users/Juan/Desktop/RiscV-32-proccesor/waveform.wcfg
source cpu_tb.tcl
close_sim
launch_simulation
open_wave_config C:/Users/Juan/Desktop/RiscV-32-proccesor/waveform.wcfg
source cpu_tb.tcl
close_sim
launch_simulation
open_wave_config C:/Users/Juan/Desktop/RiscV-32-proccesor/waveform.wcfg
source cpu_tb.tcl
close_sim
launch_simulation
open_wave_config C:/Users/Juan/Desktop/RiscV-32-proccesor/waveform.wcfg
source cpu_tb.tcl
close_sim
launch_simulation
open_wave_config C:/Users/Juan/Desktop/RiscV-32-proccesor/waveform.wcfg
source cpu_tb.tcl
close_sim
launch_simulation
open_wave_config C:/Users/Juan/Desktop/RiscV-32-proccesor/waveform.wcfg
source cpu_tb.tcl
close_sim
launch_simulation
launch_simulation
launch_simulation
launch_simulation
launch_simulation
launch_simulation
launch_simulation
launch_simulation
open_wave_config C:/Users/Juan/Desktop/RiscV-32-proccesor/waveform.wcfg
source cpu_tb.tcl
close_sim
launch_simulation
open_wave_config C:/Users/Juan/Desktop/RiscV-32-proccesor/waveform.wcfg
source cpu_tb.tcl
close_sim
launch_simulation
open_wave_config C:/Users/Juan/Desktop/RiscV-32-proccesor/waveform.wcfg
source cpu_tb.tcl
close_sim
launch_simulation
launch_simulation
open_wave_config C:/Users/Juan/Desktop/RiscV-32-proccesor/waveform.wcfg
source cpu_tb.tcl
current_wave_config {waveform.wcfg}
add_wave {{/cpu_tb/DUT/ex_u/fp_res}} 
save_wave_config {C:/Users/Juan/Desktop/RiscV-32-proccesor/waveform.wcfg}
close_sim
launch_simulation
open_wave_config C:/Users/Juan/Desktop/RiscV-32-proccesor/waveform.wcfg
source cpu_tb.tcl
save_wave_config {C:/Users/Juan/Desktop/RiscV-32-proccesor/waveform.wcfg}
close_sim
launch_simulation
open_wave_config C:/Users/Juan/Desktop/RiscV-32-proccesor/waveform.wcfg
source cpu_tb.tcl
close_sim
launch_simulation
launch_simulation
open_wave_config C:/Users/Juan/Desktop/RiscV-32-proccesor/waveform.wcfg
source cpu_tb.tcl
close_sim
launch_simulation
launch_simulation
open_wave_config C:/Users/Juan/Desktop/RiscV-32-proccesor/waveform.wcfg
source cpu_tb.tcl
