#-----------------------------------------------------------
# Vivado v2025.1 (64-bit)
# SW Build 6140274 on Thu May 22 00:12:29 MDT 2025
# IP Build 6138677 on Thu May 22 03:10:11 MDT 2025
# SharedData Build 6139179 on Tue May 20 17:58:58 MDT 2025
# Start of session at: Tue Nov 25 14:38:47 2025
# Process ID         : 16240
# Current directory  : C:/Users/Juan/Desktop/RiscV-32-proccesor
# Command line       : vivado.exe -gui_launcher_event rodinguilauncherevent10068 C:\Users\Juan\Desktop\RiscV-32-proccesor\pipeline_proccesor.xpr
# Log file           : C:/Users/Juan/Desktop/RiscV-32-proccesor/vivado.log
# Journal file       : C:/Users/Juan/Desktop/RiscV-32-proccesor\vivado.jou
# Running On         : DESKTOP-0DKD4I4
# Platform           : Windows Server 2016 or Windows 10
# Operating System   : 26200
# Processor Detail   : 13th Gen Intel(R) Core(TM) i7-13650HX
# CPU Frequency      : 2803 MHz
# CPU Physical cores : 14
# CPU Logical cores  : 20
# Host memory        : 16873 MB
# Swap memory        : 14495 MB
# Total Virtual      : 31369 MB
# Available Virtual  : 13420 MB
#-----------------------------------------------------------
start_gui
open_project C:/Users/Juan/Desktop/RiscV-32-proccesor/pipeline_proccesor.xpr
